// Jest Snapshot v1, https://goo.gl/fbAQLP

exports[`Test router component snapshot 1`] = `
<div>
  <p>
    Hello
  </p>
  <div
    style="font-family: sans-serif; position: fixed; bottom: 10px; right: 10px; padding: 10px; border-radius: 4px; max-width: 240px; white-space: pre-wrap; box-shadow: lightgrey 1px 1px 2px 1px;"
  >
    {"pathname": "/", "search": "", "hash": ""}
  </div>
</div>
`;
